Flow report for optimized_benchmark
Wed Aug 26 11:46:36 2026
Quartus Prime Version 25.1std.0 Build 1129 10/21/2025 SC Lite Edition


---------------------
; Table of Contents ;
---------------------
  1. Legal Notice
  2. Flow Summary
  3. Flow Settings
  4. Flow Non-Default Global Settings
  5. Flow Elapsed Time
  6. Flow OS Summary
  7. Flow Log
  8. Flow Messages
  9. Flow Suppressed Messages



----------------
; Legal Notice ;
----------------
Copyright (C) 2025  Altera Corporation. All rights reserved.
Your use of Altera Corporation's design tools, logic functions 
and other software and tools, and any partner logic 
functions, and any output files from any of the foregoing 
(including device programming or simulation files), and any 
associated documentation or information are expressly subject 
to the terms and conditions of the Altera Program License 
Subscription Agreement, the Altera Quartus Prime License Agreement,
the Altera IP License Agreement, or other applicable license
agreement, including, without limitation, that your use is for
the sole purpose of programming logic devices manufactured by
Altera and sold by Altera or its authorized distributors.  Please
refer to the Altera Software License Subscription Agreements 
on the Quartus Prime software download page.



+--------------------------------------------------------------------------------------+
; Flow Summary                                                                         ;
+------------------------------------+-------------------------------------------------+
; Flow Status                        ; Successful - Wed Aug 26 11:46:30 2026           ;
; Quartus Prime Version              ; 25.1std.0 Build 1129 10/21/2025 SC Lite Edition ;
; Revision Name                      ; optimized_benchmark                             ;
; Top-level Entity Name              ; rasterizer_benchmark                            ;
; Family                             ; Cyclone IV E                                    ;
; Device                             ; EP4CE6E22C8                                     ;
; Timing Models                      ; Final                                           ;
; Total logic elements               ; 1,405 / 6,272 ( 22 % )                          ;
;     Total combinational functions  ; 1,355 / 6,272 ( 22 % )                          ;
;     Dedicated logic registers      ; 235 / 6,272 ( 4 % )                             ;
; Total registers                    ; 235                                             ;
; Total pins                         ; 59 / 92 ( 64 % )                                ;
; Total virtual pins                 ; 0                                               ;
; Total memory bits                  ; 76,800 / 276,480 ( 28 % )                       ;
; Embedded Multiplier 9-bit elements ; 12 / 30 ( 40 % )                                ;
; Total PLLs                         ; 0 / 2 ( 0 % )                                   ;
+------------------------------------+-------------------------------------------------+


+-----------------------------------------+
; Flow Settings                           ;
+-------------------+---------------------+
; Option            ; Setting             ;
+-------------------+---------------------+
; Start date & time ; 08/26/2026 11:45:45 ;
; Main task         ; Compilation         ;
; Revision Name     ; optimized_benchmark ;
+-------------------+---------------------+


+-----------------------------------------------------------------------------------------------------------------------------------------+
; Flow Non-Default Global Settings                                                                                                        ;
+--------------------------------------+----------------------------------------+---------------------+----------------------+------------+
; Assignment Name                      ; Value                                  ; Default Value       ; Entity Name          ; Section Id ;
+--------------------------------------+----------------------------------------+---------------------+----------------------+------------+
; COMPILER_SIGNATURE_ID                ; 42327444963667.178776274502964         ; --                  ; --                   ; --         ;
; FITTER_EFFORT                        ; Standard Fit                           ; Auto Fit            ; --                   ; --         ;
; NUM_PARALLEL_PROCESSORS              ; 10                                     ; --                  ; --                   ; --         ;
; OPTIMIZATION_MODE                    ; High Performance Effort                ; Balanced            ; --                   ; --         ;
; PARTITION_COLOR                      ; -- (Not supported for targeted family) ; --                  ; rasterizer_benchmark ; Top        ;
; PARTITION_FITTER_PRESERVATION_LEVEL  ; -- (Not supported for targeted family) ; --                  ; rasterizer_benchmark ; Top        ;
; PARTITION_NETLIST_TYPE               ; -- (Not supported for targeted family) ; --                  ; rasterizer_benchmark ; Top        ;
; PHYSICAL_SYNTHESIS_COMBO_LOGIC       ; On                                     ; Off                 ; --                   ; --         ;
; PHYSICAL_SYNTHESIS_REGISTER_RETIMING ; On                                     ; Off                 ; --                   ; --         ;
; PLACEMENT_EFFORT_MULTIPLIER          ; 4.0                                    ; 1.0                 ; --                   ; --         ;
; PROJECT_OUTPUT_DIRECTORY             ; output_files                           ; --                  ; --                   ; --         ;
; ROUTER_TIMING_OPTIMIZATION_LEVEL     ; MAXIMUM                                ; Normal              ; --                   ; --         ;
; TOP_LEVEL_ENTITY                     ; rasterizer_benchmark                   ; optimized_benchmark ; --                   ; --         ;
+--------------------------------------+----------------------------------------+---------------------+----------------------+------------+


+--------------------------------------------------------------------------------------------------------------------------+
; Flow Elapsed Time                                                                                                        ;
+----------------------+--------------+-------------------------+---------------------+------------------------------------+
; Module Name          ; Elapsed Time ; Average Processors Used ; Peak Virtual Memory ; Total CPU Time (on all processors) ;
+----------------------+--------------+-------------------------+---------------------+------------------------------------+
; Analysis & Synthesis ; 00:00:18     ; 1.0                     ; 4911 MB             ; 00:00:34                           ;
; Fitter               ; 00:00:22     ; 1.1                     ; 5981 MB             ; 00:00:35                           ;
; Assembler            ; 00:00:01     ; 1.0                     ; 4734 MB             ; 00:00:01                           ;
; Timing Analyzer      ; 00:00:04     ; 1.3                     ; 4873 MB             ; 00:00:04                           ;
; Total                ; 00:00:45     ; --                      ; --                  ; 00:01:14                           ;
+----------------------+--------------+-------------------------+---------------------+------------------------------------+


+------------------------------------------------------------------------------------+
; Flow OS Summary                                                                    ;
+----------------------+------------------+------------+------------+----------------+
; Module Name          ; Machine Hostname ; OS Name    ; OS Version ; Processor type ;
+----------------------+------------------+------------+------------+----------------+
; Analysis & Synthesis ; Rohan-Laptop     ; Windows 10 ; 10.0       ; x86_64         ;
; Fitter               ; Rohan-Laptop     ; Windows 10 ; 10.0       ; x86_64         ;
; Assembler            ; Rohan-Laptop     ; Windows 10 ; 10.0       ; x86_64         ;
; Timing Analyzer      ; Rohan-Laptop     ; Windows 10 ; 10.0       ; x86_64         ;
+----------------------+------------------+------------+------------+----------------+


------------
; Flow Log ;
------------
quartus_map --read_settings_files=on --write_settings_files=off optimized_benchmark -c optimized_benchmark
quartus_fit --read_settings_files=off --write_settings_files=off optimized_benchmark -c optimized_benchmark
quartus_asm --read_settings_files=off --write_settings_files=off optimized_benchmark -c optimized_benchmark
quartus_sta optimized_benchmark -c optimized_benchmark



